// Jest Snapshot v1, https://goo.gl/fbAQLP

exports[`PokemonOptions Component debe de hacer match con el snapshot 1`] = `
<div class="options-container">
  <ul>
    <li class="list-individual">bulbasaur</li>
    <li class="list-individual">ivysaur</li>
    <li class="list-individual">venusaur</li>
    <li class="list-individual">charmander</li>
  </ul>
</div>
`;
